0 100 r Receita
1 400 r Receita
0 200 r Receita
1 300 r Receita
0 50 d Despesa
1 51 d Despesa
2 52 d Despesa
3 53 d Despesa
0 50 r Receita
1 50 d Despesa
0 100 r Receita
1 400 r Receita
