0 60 r Receita0
0 60 r Receita1
0 60 r Receita2
0 60 r Receita3
0 60 r Receita4
0 60 r Receita5
0 60 r Receita6
0 60 r Receita7
0 60 r Receita8
0 60 r Receita9
0 60 r Receita0
1 60 r Receita10
0 60 r Receita1
1 60 r Receita11
0 60 r Receita2
1 60 r Receita12
0 60 r Receita3
1 60 r Receita13
0 60 r Receita4
1 60 r Receita14
0 60 r Receita5
1 60 r Receita15
0 60 r Receita6
1 60 r Receita16
0 60 r Receita7
1 60 r Receita17
0 60 r Receita8
1 60 r Receita18
0 60 r Receita9
1 60 r Receita19
0 60 r Receita0
1 60 r Receita10
2 60 r Receita20
0 60 r Receita1
1 60 r Receita11
0 60 r Receita2
1 60 r Receita12
0 60 r Receita3
1 60 r Receita13
0 60 r Receita4
1 60 r Receita14
0 60 r Receita5
1 60 r Receita15
0 60 r Receita6
1 60 r Receita16
0 60 r Receita7
1 60 r Receita17
0 60 r Receita8
1 60 r Receita18
0 60 r Receita9
1 60 r Receita19
0 60 r Receita0
1 60 r Receita10
2 60 r Receita20
0 60 r Receita1
1 60 r Receita11
0 60 r Receita2
1 60 r Receita12
0 60 r Receita3
1 60 r Receita13
0 60 r Receita4
1 60 r Receita14
0 60 r Receita5
1 60 r Receita15
0 60 r Receita6
1 60 r Receita16
0 60 r Receita7
1 60 r Receita17
0 60 r Receita8
1 60 r Receita18
0 60 r Receita9
1 60 r Receita19
0 60 r Receita0
1 60 r Receita10
2 60 r Receita20
0 60 r Receita1
1 60 r Receita11
0 60 r Receita2
1 60 r Receita12
0 60 r Receita3
1 60 r Receita13
0 60 r Receita4
1 60 r Receita14
0 60 r Receita5
1 60 r Receita15
0 60 r Receita6
1 60 r Receita16
0 60 r Receita7
1 60 r Receita17
0 60 r Receita8
1 60 r Receita18
0 60 r Receita9
1 60 r Receita19
0 60 r Receita0
1 60 r Receita10
2 60 r Receita20
0 60 r Receita1
1 60 r Receita11
0 60 r Receita2
1 60 r Receita12
0 60 r Receita3
1 60 r Receita13
0 60 r Receita4
1 60 r Receita14
0 60 r Receita5
1 60 r Receita15
0 60 r Receita6
1 60 r Receita16
0 60 r Receita7
1 60 r Receita17
0 60 r Receita8
1 60 r Receita18
0 60 r Receita9
1 60 r Receita19
0 60 r Receita0
1 60 r Receita10
2 60 r Receita20
0 60 r Receita1
1 60 r Receita11
0 60 r Receita2
1 60 r Receita12
0 60 r Receita3
1 60 r Receita13
0 60 r Receita4
1 60 r Receita14
0 60 r Receita5
1 60 r Receita15
0 60 r Receita6
1 60 r Receita16
0 60 r Receita7
1 60 r Receita17
0 60 r Receita8
1 60 r Receita18
0 60 r Receita9
1 60 r Receita19
0 60 r Receita0
1 60 r Receita10
2 60 r Receita20
0 60 r Receita1
1 60 r Receita11
0 60 r Receita2
1 60 r Receita12
0 60 r Receita3
1 60 r Receita13
0 60 r Receita4
1 60 r Receita14
0 60 r Receita5
1 60 r Receita15
0 60 r Receita6
1 60 r Receita16
0 60 r Receita7
1 60 r Receita17
0 60 r Receita8
1 60 r Receita18
0 60 r Receita9
1 60 r Receita19
0 60 r Receita0
1 60 r Receita10
2 60 r Receita20
0 60 r Receita1
1 60 r Receita11
0 60 r Receita2
1 60 r Receita12
0 60 r Receita3
1 60 r Receita13
0 60 r Receita4
1 60 r Receita14
0 60 r Receita5
1 60 r Receita15
0 60 r Receita6
1 60 r Receita16
0 60 r Receita7
1 60 r Receita17
0 60 r Receita8
1 60 r Receita18
0 60 r Receita9
1 60 r Receita19
0 60 r Receita0
1 60 r Receita10
2 60 r Receita20
0 60 r Receita1
1 60 r Receita11
0 60 r Receita2
1 60 r Receita12
0 60 r Receita3
1 60 r Receita13
0 60 r Receita4
1 60 r Receita14
0 60 r Receita5
1 60 r Receita15
0 60 r Receita6
1 60 r Receita16
0 60 r Receita7
1 60 r Receita17
0 60 r Receita8
1 60 r Receita18
0 60 r Receita9
1 60 r Receita19
0 60 r Receita0
1 60 r Receita10
2 60 r Receita20
