60
120
180
240
300
360
420
480
540
600
720
840
960
1080
1200
1320
1440
1560
1680
1800
1980
2100
2220
2340
2460
2580
2700
2820
2940
3060
3240
3360
3480
3600
3720
3840
3960
4080
4200
4320
4500
4620
4740
4860
4980
5100
5220
5340
5460
5580
5760
5880
6000
6120
6240
6360
6480
6600
6720
6840
7020
7140
7260
7380
7500
7620
7740
7860
7980
8100
8280
8400
8520
8640
8760
8880
9000
9120
9240
9360
9540
9660
9780
9900
10020
10140
10260
10380
10500
10620
10800
10920
11040
11160
11280
11400
11520
11640
11760
11880
12060
